 wanted to test git rm 
